# Meteor packages used by this project, one per line.

# Core Packages
meteor-base@1.1.0             	# Packages every Meteor app needs to have
mobile-experience@1.0.4       	# Packages for a great mobile user experience
dynamic-import@0.1.1						# Runtime support for Meteor 1.5 dynamic import(...) syntax
shell-server@0.2.3							# Server-side component of the `meteor shell` command.
es5-shim@4.6.15               	# ECMAScript 5 compatibility for older browsers.
ecmascript@0.8.0              	# Enable ECMAScript2015+ syntax in app code
static-html@1.2.2								# Define static page content in .html files

# JS/Styles minifier
standard-minifier-css@1.3.4   	# CSS minifier run for production mode
standard-minifier-js@2.1.0    	# JS minifier run for production mode

# Reactive
reactive-var@1.0.11             # Reactive variable for tracker
tracker@1.1.3                 	# Meteor's client-side reactive programming library
session@1.1.7										# Session variable. Provides a global object on the client..

# Data
mongo@1.1.18                    # The database Meteor supports right now
aldeed:simple-schema@1.5.3
aldeed:collection2@2.10.0
check@1.2.5
deanius:promise

# Vue.js Wrapper Meteor
akryum:vue@1.2.2								# Integrate Vue with Meteor
akryum:vue-component@0.9.2			# VueJS single-file components that hot-reloads
akryum:vue-router2@0.1.0				# Easy vue routing for Meteor - vue-router 2.x


# Stylus
akryum:vue-stylus@0.0.5					# Add stylus support for vue components
stylus@2.513.9									# Expressive, dynamic, robust CSS

# Account
accounts-password@1.3.6
accounts-base@1.2.17
alanning:roles@1.2.16

# Testing/Debug
msavin:mongol
practicalmeteor:mocha

# Security
audit-argument-checks@1.0.7
mdg:validated-method@1.1.0
mdg:validation-error
ddp-rate-limiter
random
nimble:restivus
